2020-04-012020-04-012020-04-012020-04-01